[0.107s] DEBUG:colcon:Command line arguments: ['/usr/bin/colcon', 'build', '--symlink-install']
[0.107s] DEBUG:colcon:Parsed command line arguments: Namespace(log_base=None, log_level=None, verb_name='build', build_base='build', install_base='install', merge_install=False, symlink_install=True, test_result_base=None, continue_on_error=False, executor='parallel', parallel_workers=28, event_handlers=None, ignore_user_meta=False, metas=['./colcon.meta'], base_paths=['.'], packages_ignore=None, packages_ignore_regex=None, paths=None, packages_up_to=None, packages_up_to_regex=None, packages_above=None, packages_above_and_dependencies=None, packages_above_depth=None, packages_select_by_dep=None, packages_skip_by_dep=None, packages_skip_up_to=None, packages_select_build_failed=False, packages_skip_build_finished=False, packages_select_test_failures=False, packages_skip_test_passed=False, packages_select=None, packages_skip=None, packages_select_regex=None, packages_skip_regex=None, packages_start=None, packages_end=None, allow_overriding=[], cmake_args=None, cmake_target=None, cmake_target_skip_unavailable=False, cmake_clean_cache=False, cmake_clean_first=False, cmake_force_configure=False, ament_cmake_args=None, catkin_cmake_args=None, catkin_skip_building_tests=False, mixin_files=None, mixin=None, verb_parser=<colcon_mixin.mixin.mixin_argument.MixinArgumentDecorator object at 0x77c413c01930>, verb_extension=<colcon_core.verb.build.BuildVerb object at 0x77c413c00cd0>, main=<bound method BuildVerb.main of <colcon_core.verb.build.BuildVerb object at 0x77c413c00cd0>>, mixin_verb=('build',))
[0.288s] Level 1:colcon.colcon_core.package_discovery:discover_packages(colcon_meta) check parameters
[0.288s] Level 1:colcon.colcon_core.package_discovery:discover_packages(recursive) check parameters
[0.288s] Level 1:colcon.colcon_core.package_discovery:discover_packages(ignore) check parameters
[0.288s] Level 1:colcon.colcon_core.package_discovery:discover_packages(path) check parameters
[0.288s] Level 1:colcon.colcon_core.package_discovery:discover_packages(colcon_meta) discover
[0.288s] Level 1:colcon.colcon_core.package_discovery:discover_packages(recursive) discover
[0.288s] INFO:colcon.colcon_core.package_discovery:Crawling recursively for packages in '/home/ubuntu/ros/Agro_ros'
[0.289s] Level 1:colcon.colcon_core.package_identification:_identify(.) by extensions ['ignore', 'ignore_ament_install']
[0.289s] Level 1:colcon.colcon_core.package_identification:_identify(.) by extension 'ignore'
[0.289s] Level 1:colcon.colcon_core.package_identification:_identify(.) by extension 'ignore_ament_install'
[0.289s] Level 1:colcon.colcon_core.package_identification:_identify(.) by extensions ['colcon_pkg']
[0.289s] Level 1:colcon.colcon_core.package_identification:_identify(.) by extension 'colcon_pkg'
[0.289s] Level 1:colcon.colcon_core.package_identification:_identify(.) by extensions ['colcon_meta']
[0.289s] Level 1:colcon.colcon_core.package_identification:_identify(.) by extension 'colcon_meta'
[0.289s] Level 1:colcon.colcon_core.package_identification:_identify(.) by extensions ['ros']
[0.289s] Level 1:colcon.colcon_core.package_identification:_identify(.) by extension 'ros'
[0.300s] Level 1:colcon.colcon_core.package_identification:_identify(.) by extensions ['cmake', 'python']
[0.300s] Level 1:colcon.colcon_core.package_identification:_identify(.) by extension 'cmake'
[0.300s] Level 1:colcon.colcon_core.package_identification:_identify(.) by extension 'python'
[0.300s] Level 1:colcon.colcon_core.package_identification:_identify(.) by extensions ['python_setup_py']
[0.300s] Level 1:colcon.colcon_core.package_identification:_identify(.) by extension 'python_setup_py'
[0.300s] Level 1:colcon.colcon_core.package_identification:_identify(build) by extensions ['ignore', 'ignore_ament_install']
[0.300s] Level 1:colcon.colcon_core.package_identification:_identify(build) by extension 'ignore'
[0.300s] Level 1:colcon.colcon_core.package_identification:_identify(build) ignored
[0.300s] Level 1:colcon.colcon_core.package_identification:_identify(install) by extensions ['ignore', 'ignore_ament_install']
[0.300s] Level 1:colcon.colcon_core.package_identification:_identify(install) by extension 'ignore'
[0.300s] Level 1:colcon.colcon_core.package_identification:_identify(install) ignored
[0.300s] Level 1:colcon.colcon_core.package_identification:_identify(log) by extensions ['ignore', 'ignore_ament_install']
[0.300s] Level 1:colcon.colcon_core.package_identification:_identify(log) by extension 'ignore'
[0.300s] Level 1:colcon.colcon_core.package_identification:_identify(log) ignored
[0.300s] Level 1:colcon.colcon_core.package_identification:_identify(src) by extensions ['ignore', 'ignore_ament_install']
[0.300s] Level 1:colcon.colcon_core.package_identification:_identify(src) by extension 'ignore'
[0.300s] Level 1:colcon.colcon_core.package_identification:_identify(src) by extension 'ignore_ament_install'
[0.300s] Level 1:colcon.colcon_core.package_identification:_identify(src) by extensions ['colcon_pkg']
[0.300s] Level 1:colcon.colcon_core.package_identification:_identify(src) by extension 'colcon_pkg'
[0.301s] Level 1:colcon.colcon_core.package_identification:_identify(src) by extensions ['colcon_meta']
[0.301s] Level 1:colcon.colcon_core.package_identification:_identify(src) by extension 'colcon_meta'
[0.301s] Level 1:colcon.colcon_core.package_identification:_identify(src) by extensions ['ros']
[0.301s] Level 1:colcon.colcon_core.package_identification:_identify(src) by extension 'ros'
[0.301s] Level 1:colcon.colcon_core.package_identification:_identify(src) by extensions ['cmake', 'python']
[0.301s] Level 1:colcon.colcon_core.package_identification:_identify(src) by extension 'cmake'
[0.301s] Level 1:colcon.colcon_core.package_identification:_identify(src) by extension 'python'
[0.301s] Level 1:colcon.colcon_core.package_identification:_identify(src) by extensions ['python_setup_py']
[0.301s] Level 1:colcon.colcon_core.package_identification:_identify(src) by extension 'python_setup_py'
[0.301s] Level 1:colcon.colcon_core.package_identification:_identify(src/Agro_ros) by extensions ['ignore', 'ignore_ament_install']
[0.301s] Level 1:colcon.colcon_core.package_identification:_identify(src/Agro_ros) by extension 'ignore'
[0.301s] Level 1:colcon.colcon_core.package_identification:_identify(src/Agro_ros) by extension 'ignore_ament_install'
[0.301s] Level 1:colcon.colcon_core.package_identification:_identify(src/Agro_ros) by extensions ['colcon_pkg']
[0.301s] Level 1:colcon.colcon_core.package_identification:_identify(src/Agro_ros) by extension 'colcon_pkg'
[0.301s] Level 1:colcon.colcon_core.package_identification:_identify(src/Agro_ros) by extensions ['colcon_meta']
[0.301s] Level 1:colcon.colcon_core.package_identification:_identify(src/Agro_ros) by extension 'colcon_meta'
[0.301s] Level 1:colcon.colcon_core.package_identification:_identify(src/Agro_ros) by extensions ['ros']
[0.301s] Level 1:colcon.colcon_core.package_identification:_identify(src/Agro_ros) by extension 'ros'
[0.303s] DEBUG:colcon.colcon_core.package_identification:Package 'src/Agro_ros' with type 'ros.ament_python' and name 'Agro_ros'
[0.303s] Level 1:colcon.colcon_core.package_identification:_identify(src/rf2o_laser_odometry) by extensions ['ignore', 'ignore_ament_install']
[0.303s] Level 1:colcon.colcon_core.package_identification:_identify(src/rf2o_laser_odometry) by extension 'ignore'
[0.303s] Level 1:colcon.colcon_core.package_identification:_identify(src/rf2o_laser_odometry) by extension 'ignore_ament_install'
[0.303s] Level 1:colcon.colcon_core.package_identification:_identify(src/rf2o_laser_odometry) by extensions ['colcon_pkg']
[0.303s] Level 1:colcon.colcon_core.package_identification:_identify(src/rf2o_laser_odometry) by extension 'colcon_pkg'
[0.303s] Level 1:colcon.colcon_core.package_identification:_identify(src/rf2o_laser_odometry) by extensions ['colcon_meta']
[0.303s] Level 1:colcon.colcon_core.package_identification:_identify(src/rf2o_laser_odometry) by extension 'colcon_meta'
[0.303s] Level 1:colcon.colcon_core.package_identification:_identify(src/rf2o_laser_odometry) by extensions ['ros']
[0.303s] Level 1:colcon.colcon_core.package_identification:_identify(src/rf2o_laser_odometry) by extension 'ros'
[0.304s] DEBUG:colcon.colcon_core.package_identification:Package 'src/rf2o_laser_odometry' with type 'ros.ament_cmake' and name 'rf2o_laser_odometry'
[0.304s] Level 1:colcon.colcon_core.package_discovery:discover_packages(recursive) using defaults
[0.304s] Level 1:colcon.colcon_core.package_discovery:discover_packages(ignore) discover
[0.304s] Level 1:colcon.colcon_core.package_discovery:discover_packages(ignore) using defaults
[0.304s] Level 1:colcon.colcon_core.package_discovery:discover_packages(path) discover
[0.304s] Level 1:colcon.colcon_core.package_discovery:discover_packages(path) using defaults
[0.328s] Level 1:colcon.colcon_core.package_discovery:discover_packages(prefix_path) check parameters
[0.328s] Level 1:colcon.colcon_core.package_discovery:discover_packages(prefix_path) discover
[0.330s] DEBUG:colcon.colcon_installed_package_information.package_discovery:Found 0 installed packages in /home/ubuntu/agrobot_ws/install
[0.331s] DEBUG:colcon.colcon_installed_package_information.package_discovery:Found 321 installed packages in /opt/ros/humble
[0.333s] Level 1:colcon.colcon_core.package_discovery:discover_packages(prefix_path) using defaults
[0.378s] Level 5:colcon.colcon_core.verb:set package 'Agro_ros' build argument 'cmake_args' from command line to 'None'
[0.378s] Level 5:colcon.colcon_core.verb:set package 'Agro_ros' build argument 'cmake_target' from command line to 'None'
[0.378s] Level 5:colcon.colcon_core.verb:set package 'Agro_ros' build argument 'cmake_target_skip_unavailable' from command line to 'False'
[0.378s] Level 5:colcon.colcon_core.verb:set package 'Agro_ros' build argument 'cmake_clean_cache' from command line to 'False'
[0.378s] Level 5:colcon.colcon_core.verb:set package 'Agro_ros' build argument 'cmake_clean_first' from command line to 'False'
[0.378s] Level 5:colcon.colcon_core.verb:set package 'Agro_ros' build argument 'cmake_force_configure' from command line to 'False'
[0.378s] Level 5:colcon.colcon_core.verb:set package 'Agro_ros' build argument 'ament_cmake_args' from command line to 'None'
[0.378s] Level 5:colcon.colcon_core.verb:set package 'Agro_ros' build argument 'catkin_cmake_args' from command line to 'None'
[0.378s] Level 5:colcon.colcon_core.verb:set package 'Agro_ros' build argument 'catkin_skip_building_tests' from command line to 'False'
[0.378s] DEBUG:colcon.colcon_core.verb:Building package 'Agro_ros' with the following arguments: {'ament_cmake_args': None, 'build_base': '/home/ubuntu/ros/Agro_ros/build/Agro_ros', 'catkin_cmake_args': None, 'catkin_skip_building_tests': False, 'cmake_args': None, 'cmake_clean_cache': False, 'cmake_clean_first': False, 'cmake_force_configure': False, 'cmake_target': None, 'cmake_target_skip_unavailable': False, 'install_base': '/home/ubuntu/ros/Agro_ros/install/Agro_ros', 'merge_install': False, 'path': '/home/ubuntu/ros/Agro_ros/src/Agro_ros', 'symlink_install': True, 'test_result_base': None}
[0.379s] Level 5:colcon.colcon_core.verb:set package 'rf2o_laser_odometry' build argument 'cmake_args' from command line to 'None'
[0.379s] Level 5:colcon.colcon_core.verb:set package 'rf2o_laser_odometry' build argument 'cmake_target' from command line to 'None'
[0.379s] Level 5:colcon.colcon_core.verb:set package 'rf2o_laser_odometry' build argument 'cmake_target_skip_unavailable' from command line to 'False'
[0.379s] Level 5:colcon.colcon_core.verb:set package 'rf2o_laser_odometry' build argument 'cmake_clean_cache' from command line to 'False'
[0.379s] Level 5:colcon.colcon_core.verb:set package 'rf2o_laser_odometry' build argument 'cmake_clean_first' from command line to 'False'
[0.379s] Level 5:colcon.colcon_core.verb:set package 'rf2o_laser_odometry' build argument 'cmake_force_configure' from command line to 'False'
[0.379s] Level 5:colcon.colcon_core.verb:set package 'rf2o_laser_odometry' build argument 'ament_cmake_args' from command line to 'None'
[0.379s] Level 5:colcon.colcon_core.verb:set package 'rf2o_laser_odometry' build argument 'catkin_cmake_args' from command line to 'None'
[0.379s] Level 5:colcon.colcon_core.verb:set package 'rf2o_laser_odometry' build argument 'catkin_skip_building_tests' from command line to 'False'
[0.379s] DEBUG:colcon.colcon_core.verb:Building package 'rf2o_laser_odometry' with the following arguments: {'ament_cmake_args': None, 'build_base': '/home/ubuntu/ros/Agro_ros/build/rf2o_laser_odometry', 'catkin_cmake_args': None, 'catkin_skip_building_tests': False, 'cmake_args': None, 'cmake_clean_cache': False, 'cmake_clean_first': False, 'cmake_force_configure': False, 'cmake_target': None, 'cmake_target_skip_unavailable': False, 'install_base': '/home/ubuntu/ros/Agro_ros/install/rf2o_laser_odometry', 'merge_install': False, 'path': '/home/ubuntu/ros/Agro_ros/src/rf2o_laser_odometry', 'symlink_install': True, 'test_result_base': None}
[0.379s] INFO:colcon.colcon_core.executor:Executing jobs using 'parallel' executor
[0.380s] DEBUG:colcon.colcon_parallel_executor.executor.parallel:run_until_complete
[0.380s] INFO:colcon.colcon_ros.task.ament_python.build:Building ROS package in '/home/ubuntu/ros/Agro_ros/src/Agro_ros' with build type 'ament_python'
[0.380s] Level 1:colcon.colcon_core.shell:create_environment_hook('Agro_ros', 'ament_prefix_path')
[0.382s] INFO:colcon.colcon_core.plugin_system:Skipping extension 'colcon_core.shell.bat': Not used on non-Windows systems
[0.382s] INFO:colcon.colcon_core.shell:Creating environment hook '/home/ubuntu/ros/Agro_ros/install/Agro_ros/share/Agro_ros/hook/ament_prefix_path.ps1'
[0.382s] INFO:colcon.colcon_core.shell:Creating environment descriptor '/home/ubuntu/ros/Agro_ros/install/Agro_ros/share/Agro_ros/hook/ament_prefix_path.dsv'
[0.383s] INFO:colcon.colcon_core.shell:Creating environment hook '/home/ubuntu/ros/Agro_ros/install/Agro_ros/share/Agro_ros/hook/ament_prefix_path.sh'
[0.383s] INFO:colcon.colcon_core.shell:Skip shell extension 'powershell' for command environment: Not usable outside of PowerShell
[0.383s] DEBUG:colcon.colcon_core.shell:Skip shell extension 'dsv' for command environment
[0.386s] INFO:colcon.colcon_ros.task.ament_cmake.build:Building ROS package in '/home/ubuntu/ros/Agro_ros/src/rf2o_laser_odometry' with build type 'ament_cmake'
[0.386s] INFO:colcon.colcon_cmake.task.cmake.build:Building CMake package in '/home/ubuntu/ros/Agro_ros/src/rf2o_laser_odometry'
[0.386s] INFO:colcon.colcon_core.shell:Skip shell extension 'powershell' for command environment: Not usable outside of PowerShell
[0.386s] DEBUG:colcon.colcon_core.shell:Skip shell extension 'dsv' for command environment
[0.640s] INFO:colcon.colcon_core.task.python.build:Building Python package in '/home/ubuntu/ros/Agro_ros/src/Agro_ros'
[0.641s] INFO:colcon.colcon_core.shell:Skip shell extension 'powershell' for command environment: Not usable outside of PowerShell
[0.641s] DEBUG:colcon.colcon_core.shell:Skip shell extension 'dsv' for command environment
[0.657s] DEBUG:colcon.colcon_core.event_handler.log_command:Invoking command in '/home/ubuntu/ros/Agro_ros/build/rf2o_laser_odometry': CMAKE_PREFIX_PATH=/opt/ros/humble /usr/bin/cmake /home/ubuntu/ros/Agro_ros/src/rf2o_laser_odometry -DAMENT_CMAKE_SYMLINK_INSTALL=1 -DCMAKE_INSTALL_PREFIX=/home/ubuntu/ros/Agro_ros/install/rf2o_laser_odometry
[0.980s] DEBUG:colcon.colcon_core.task.python.build:Available setuptools commands: install_headers, install, sdist, develop, clean, saveopts, install_egg_info, bdist_rpm, upload, register, test, alias, build_scripts, easy_install, symlink_data, install_lib, build_ext, bdist_wheel, setopt, check, bdist, dist_info, install_scripts, egg_info, build_py, upload_docs, bdist_egg, install_data, rotate, build_clib, build, bdist_dumb
[1.284s] DEBUG:colcon.colcon_core.task.python.build:Available setuptools 'develop' options: --no-deps, --exclude-scripts, --egg-path, --always-copy, --index-url, --install-dir, --prefix, --zip-ok, --find-links, --build-directory, --no-user-cfg, --upgrade, --allow-hosts, --no-find-links, --site-dirs, --version, --user, --uninstall, --quiet, --optimize, --editable, --always-unzip, --help, --install-layout, --script-dir, --force-installation-into-system-dir, --dry-run, --verbose, --multi-version, --record, --local-snapshots-ok
[1.284s] DEBUG:colcon.colcon_core.task.python.build:While undoing a previous installation files outside the Python library path are being ignored: /home/ubuntu/ros/Agro_ros/install/Agro_ros/share/ament_index/resource_index/packages/Agro_ros
[1.284s] DEBUG:colcon.colcon_core.task.python.build:While undoing a previous installation files outside the Python library path are being ignored: /home/ubuntu/ros/Agro_ros/install/Agro_ros/share/Agro_ros/package.xml
[1.284s] DEBUG:colcon.colcon_core.task.python.build:While undoing a previous installation files outside the Python library path are being ignored: /home/ubuntu/ros/Agro_ros/install/Agro_ros/share/Agro_ros/launch
[1.284s] DEBUG:colcon.colcon_core.task.python.build:While undoing a previous installation files outside the Python library path are being ignored: /home/ubuntu/ros/Agro_ros/install/Agro_ros/share/Agro_ros/urdf/robot.urdf
[1.284s] DEBUG:colcon.colcon_core.task.python.build:While undoing a previous installation files outside the Python library path are being ignored: /home/ubuntu/ros/Agro_ros/install/Agro_ros/share/Agro_ros/meshes/agro_ros_water_level_sensor.stl
[1.284s] DEBUG:colcon.colcon_core.task.python.build:While undoing a previous installation files outside the Python library path are being ignored: /home/ubuntu/ros/Agro_ros/install/Agro_ros/share/Agro_ros/meshes/agro_ros_tracks.stl
[1.284s] DEBUG:colcon.colcon_core.task.python.build:While undoing a previous installation files outside the Python library path are being ignored: /home/ubuntu/ros/Agro_ros/install/Agro_ros/share/Agro_ros/meshes/agro_ros_body.stl
[1.284s] DEBUG:colcon.colcon_core.task.python.build:While undoing a previous installation files outside the Python library path are being ignored: /home/ubuntu/ros/Agro_ros/install/Agro_ros/share/Agro_ros/meshes/agro_ros_tracks_outer_cover.stl
[1.284s] DEBUG:colcon.colcon_core.task.python.build:While undoing a previous installation files outside the Python library path are being ignored: /home/ubuntu/ros/Agro_ros/install/Agro_ros/share/Agro_ros/meshes/agro_ros_water_pump.stl
[1.287s] DEBUG:colcon.colcon_core.event_handler.log_command:Invoking command in '/home/ubuntu/ros/Agro_ros/build/Agro_ros': PYTHONPATH=/home/ubuntu/ros/Agro_ros/build/Agro_ros/prefix_override:/usr/lib/python3/dist-packages/colcon_core/task/python/colcon_distutils_commands:/home/ubuntu/ros/Agro_ros/install/Agro_ros/lib/python3.10/site-packages:${PYTHONPATH} /usr/bin/python3 -W ignore:setup.py install is deprecated -W ignore:easy_install command is deprecated setup.py develop --editable --build-directory /home/ubuntu/ros/Agro_ros/build/Agro_ros/build --no-deps symlink_data --force
[1.794s] Level 1:colcon.colcon_core.shell:create_environment_hook('Agro_ros', 'pythonpath_develop')
[1.794s] DEBUG:colcon.colcon_core.event_handler.log_command:Invoked command in '/home/ubuntu/ros/Agro_ros/build/Agro_ros' returned '0': PYTHONPATH=/home/ubuntu/ros/Agro_ros/build/Agro_ros/prefix_override:/usr/lib/python3/dist-packages/colcon_core/task/python/colcon_distutils_commands:/home/ubuntu/ros/Agro_ros/install/Agro_ros/lib/python3.10/site-packages:${PYTHONPATH} /usr/bin/python3 -W ignore:setup.py install is deprecated -W ignore:easy_install command is deprecated setup.py develop --editable --build-directory /home/ubuntu/ros/Agro_ros/build/Agro_ros/build --no-deps symlink_data --force
[1.795s] INFO:colcon.colcon_core.shell:Creating environment hook '/home/ubuntu/ros/Agro_ros/build/Agro_ros/share/Agro_ros/hook/pythonpath_develop.ps1'
[1.795s] INFO:colcon.colcon_core.shell:Creating environment descriptor '/home/ubuntu/ros/Agro_ros/build/Agro_ros/share/Agro_ros/hook/pythonpath_develop.dsv'
[1.795s] INFO:colcon.colcon_core.shell:Creating environment hook '/home/ubuntu/ros/Agro_ros/build/Agro_ros/share/Agro_ros/hook/pythonpath_develop.sh'
[1.797s] Level 1:colcon.colcon_core.environment:checking '/home/ubuntu/ros/Agro_ros/install/Agro_ros' for CMake module files
[1.798s] Level 1:colcon.colcon_core.environment:checking '/home/ubuntu/ros/Agro_ros/install/Agro_ros' for CMake config files
[1.798s] Level 1:colcon.colcon_core.environment:checking '/home/ubuntu/ros/Agro_ros/install/Agro_ros/lib'
[1.798s] Level 1:colcon.colcon_core.environment:checking '/home/ubuntu/ros/Agro_ros/install/Agro_ros/bin'
[1.799s] Level 1:colcon.colcon_core.environment:checking '/home/ubuntu/ros/Agro_ros/install/Agro_ros/lib/pkgconfig/Agro_ros.pc'
[1.799s] Level 1:colcon.colcon_core.environment:checking '/home/ubuntu/ros/Agro_ros/install/Agro_ros/lib/python3.10/site-packages'
[1.799s] Level 1:colcon.colcon_core.shell:create_environment_hook('Agro_ros', 'pythonpath')
[1.799s] INFO:colcon.colcon_core.shell:Creating environment hook '/home/ubuntu/ros/Agro_ros/install/Agro_ros/share/Agro_ros/hook/pythonpath.ps1'
[1.799s] INFO:colcon.colcon_core.shell:Creating environment descriptor '/home/ubuntu/ros/Agro_ros/install/Agro_ros/share/Agro_ros/hook/pythonpath.dsv'
[1.800s] INFO:colcon.colcon_core.shell:Creating environment hook '/home/ubuntu/ros/Agro_ros/install/Agro_ros/share/Agro_ros/hook/pythonpath.sh'
[1.800s] Level 1:colcon.colcon_core.environment:checking '/home/ubuntu/ros/Agro_ros/install/Agro_ros/bin'
[1.800s] Level 1:colcon.colcon_core.environment:create_environment_scripts_only(Agro_ros)
[1.800s] INFO:colcon.colcon_core.shell:Creating package script '/home/ubuntu/ros/Agro_ros/install/Agro_ros/share/Agro_ros/package.ps1'
[1.801s] INFO:colcon.colcon_core.shell:Creating package descriptor '/home/ubuntu/ros/Agro_ros/install/Agro_ros/share/Agro_ros/package.dsv'
[1.802s] INFO:colcon.colcon_core.shell:Creating package script '/home/ubuntu/ros/Agro_ros/install/Agro_ros/share/Agro_ros/package.sh'
[1.802s] INFO:colcon.colcon_core.shell:Creating package script '/home/ubuntu/ros/Agro_ros/install/Agro_ros/share/Agro_ros/package.bash'
[1.803s] INFO:colcon.colcon_core.shell:Creating package script '/home/ubuntu/ros/Agro_ros/install/Agro_ros/share/Agro_ros/package.zsh'
[1.803s] Level 1:colcon.colcon_core.environment:create_file_with_runtime_dependencies(/home/ubuntu/ros/Agro_ros/install/Agro_ros/share/colcon-core/packages/Agro_ros)
[4.387s] DEBUG:colcon.colcon_core.event_handler.log_command:Invoked command in '/home/ubuntu/ros/Agro_ros/build/rf2o_laser_odometry' returned '0': CMAKE_PREFIX_PATH=/opt/ros/humble /usr/bin/cmake /home/ubuntu/ros/Agro_ros/src/rf2o_laser_odometry -DAMENT_CMAKE_SYMLINK_INSTALL=1 -DCMAKE_INSTALL_PREFIX=/home/ubuntu/ros/Agro_ros/install/rf2o_laser_odometry
[4.390s] DEBUG:colcon.colcon_core.event_handler.log_command:Invoking command in '/home/ubuntu/ros/Agro_ros/build/rf2o_laser_odometry': CMAKE_PREFIX_PATH=/opt/ros/humble /usr/bin/cmake --build /home/ubuntu/ros/Agro_ros/build/rf2o_laser_odometry -- -j28 -l28
[27.572s] DEBUG:colcon.colcon_core.event_handler.log_command:Invoked command in '/home/ubuntu/ros/Agro_ros/build/rf2o_laser_odometry' returned '0': CMAKE_PREFIX_PATH=/opt/ros/humble /usr/bin/cmake --build /home/ubuntu/ros/Agro_ros/build/rf2o_laser_odometry -- -j28 -l28
[27.580s] DEBUG:colcon.colcon_core.event_handler.log_command:Invoking command in '/home/ubuntu/ros/Agro_ros/build/rf2o_laser_odometry': CMAKE_PREFIX_PATH=/opt/ros/humble /usr/bin/cmake --install /home/ubuntu/ros/Agro_ros/build/rf2o_laser_odometry
[27.723s] Level 1:colcon.colcon_core.environment:create_environment_scripts_only(rf2o_laser_odometry)
[27.723s] Level 1:colcon.colcon_core.environment:checking '/home/ubuntu/ros/Agro_ros/install/rf2o_laser_odometry' for CMake module files
[27.724s] DEBUG:colcon.colcon_core.event_handler.log_command:Invoked command in '/home/ubuntu/ros/Agro_ros/build/rf2o_laser_odometry' returned '0': CMAKE_PREFIX_PATH=/opt/ros/humble /usr/bin/cmake --install /home/ubuntu/ros/Agro_ros/build/rf2o_laser_odometry
[27.725s] Level 1:colcon.colcon_core.environment:checking '/home/ubuntu/ros/Agro_ros/install/rf2o_laser_odometry' for CMake config files
[27.725s] Level 1:colcon.colcon_core.shell:create_environment_hook('rf2o_laser_odometry', 'cmake_prefix_path')
[27.725s] INFO:colcon.colcon_core.shell:Creating environment hook '/home/ubuntu/ros/Agro_ros/install/rf2o_laser_odometry/share/rf2o_laser_odometry/hook/cmake_prefix_path.ps1'
[27.726s] INFO:colcon.colcon_core.shell:Creating environment descriptor '/home/ubuntu/ros/Agro_ros/install/rf2o_laser_odometry/share/rf2o_laser_odometry/hook/cmake_prefix_path.dsv'
[27.726s] INFO:colcon.colcon_core.shell:Creating environment hook '/home/ubuntu/ros/Agro_ros/install/rf2o_laser_odometry/share/rf2o_laser_odometry/hook/cmake_prefix_path.sh'
[27.727s] Level 1:colcon.colcon_core.environment:checking '/home/ubuntu/ros/Agro_ros/install/rf2o_laser_odometry/lib'
[27.727s] Level 1:colcon.colcon_core.environment:checking '/home/ubuntu/ros/Agro_ros/install/rf2o_laser_odometry/bin'
[27.727s] Level 1:colcon.colcon_core.environment:checking '/home/ubuntu/ros/Agro_ros/install/rf2o_laser_odometry/lib/pkgconfig/rf2o_laser_odometry.pc'
[27.727s] Level 1:colcon.colcon_core.environment:checking '/home/ubuntu/ros/Agro_ros/install/rf2o_laser_odometry/lib/python3.10/site-packages'
[27.728s] Level 1:colcon.colcon_core.environment:checking '/home/ubuntu/ros/Agro_ros/install/rf2o_laser_odometry/bin'
[27.728s] INFO:colcon.colcon_core.shell:Creating package script '/home/ubuntu/ros/Agro_ros/install/rf2o_laser_odometry/share/rf2o_laser_odometry/package.ps1'
[27.729s] INFO:colcon.colcon_core.shell:Creating package descriptor '/home/ubuntu/ros/Agro_ros/install/rf2o_laser_odometry/share/rf2o_laser_odometry/package.dsv'
[27.729s] INFO:colcon.colcon_core.shell:Creating package script '/home/ubuntu/ros/Agro_ros/install/rf2o_laser_odometry/share/rf2o_laser_odometry/package.sh'
[27.729s] INFO:colcon.colcon_core.shell:Creating package script '/home/ubuntu/ros/Agro_ros/install/rf2o_laser_odometry/share/rf2o_laser_odometry/package.bash'
[27.729s] INFO:colcon.colcon_core.shell:Creating package script '/home/ubuntu/ros/Agro_ros/install/rf2o_laser_odometry/share/rf2o_laser_odometry/package.zsh'
[27.730s] Level 1:colcon.colcon_core.environment:create_file_with_runtime_dependencies(/home/ubuntu/ros/Agro_ros/install/rf2o_laser_odometry/share/colcon-core/packages/rf2o_laser_odometry)
[27.730s] Level 1:colcon.colcon_core.environment:create_environment_scripts_only(rf2o_laser_odometry)
[27.730s] Level 1:colcon.colcon_core.environment:checking '/home/ubuntu/ros/Agro_ros/install/rf2o_laser_odometry' for CMake module files
[27.730s] Level 1:colcon.colcon_core.environment:checking '/home/ubuntu/ros/Agro_ros/install/rf2o_laser_odometry' for CMake config files
[27.731s] Level 1:colcon.colcon_core.shell:create_environment_hook('rf2o_laser_odometry', 'cmake_prefix_path')
[27.731s] INFO:colcon.colcon_core.shell:Creating environment hook '/home/ubuntu/ros/Agro_ros/install/rf2o_laser_odometry/share/rf2o_laser_odometry/hook/cmake_prefix_path.ps1'
[27.731s] INFO:colcon.colcon_core.shell:Creating environment descriptor '/home/ubuntu/ros/Agro_ros/install/rf2o_laser_odometry/share/rf2o_laser_odometry/hook/cmake_prefix_path.dsv'
[27.731s] INFO:colcon.colcon_core.shell:Creating environment hook '/home/ubuntu/ros/Agro_ros/install/rf2o_laser_odometry/share/rf2o_laser_odometry/hook/cmake_prefix_path.sh'
[27.732s] Level 1:colcon.colcon_core.environment:checking '/home/ubuntu/ros/Agro_ros/install/rf2o_laser_odometry/lib'
[27.732s] Level 1:colcon.colcon_core.environment:checking '/home/ubuntu/ros/Agro_ros/install/rf2o_laser_odometry/bin'
[27.732s] Level 1:colcon.colcon_core.environment:checking '/home/ubuntu/ros/Agro_ros/install/rf2o_laser_odometry/lib/pkgconfig/rf2o_laser_odometry.pc'
[27.732s] Level 1:colcon.colcon_core.environment:checking '/home/ubuntu/ros/Agro_ros/install/rf2o_laser_odometry/lib/python3.10/site-packages'
[27.732s] Level 1:colcon.colcon_core.environment:checking '/home/ubuntu/ros/Agro_ros/install/rf2o_laser_odometry/bin'
[27.732s] INFO:colcon.colcon_core.shell:Creating package script '/home/ubuntu/ros/Agro_ros/install/rf2o_laser_odometry/share/rf2o_laser_odometry/package.ps1'
[27.733s] INFO:colcon.colcon_core.shell:Creating package descriptor '/home/ubuntu/ros/Agro_ros/install/rf2o_laser_odometry/share/rf2o_laser_odometry/package.dsv'
[27.733s] INFO:colcon.colcon_core.shell:Creating package script '/home/ubuntu/ros/Agro_ros/install/rf2o_laser_odometry/share/rf2o_laser_odometry/package.sh'
[27.733s] INFO:colcon.colcon_core.shell:Creating package script '/home/ubuntu/ros/Agro_ros/install/rf2o_laser_odometry/share/rf2o_laser_odometry/package.bash'
[27.734s] INFO:colcon.colcon_core.shell:Creating package script '/home/ubuntu/ros/Agro_ros/install/rf2o_laser_odometry/share/rf2o_laser_odometry/package.zsh'
[27.734s] Level 1:colcon.colcon_core.environment:create_file_with_runtime_dependencies(/home/ubuntu/ros/Agro_ros/install/rf2o_laser_odometry/share/colcon-core/packages/rf2o_laser_odometry)
[27.734s] DEBUG:colcon.colcon_parallel_executor.executor.parallel:closing loop
[27.735s] DEBUG:colcon.colcon_parallel_executor.executor.parallel:loop closed
[27.735s] DEBUG:colcon.colcon_parallel_executor.executor.parallel:run_until_complete finished with '0'
[27.735s] DEBUG:colcon.colcon_core.event_reactor:joining thread
[27.741s] INFO:colcon.colcon_core.plugin_system:Skipping extension 'colcon_notification.desktop_notification.terminal_notifier': Not used on non-Darwin systems
[27.741s] INFO:colcon.colcon_core.plugin_system:Skipping extension 'colcon_notification.desktop_notification.win32': Not used on non-Windows systems
[27.741s] INFO:colcon.colcon_notification.desktop_notification:Sending desktop notification using 'notify2'
[27.752s] DEBUG:colcon.colcon_core.event_reactor:joined thread
[27.753s] INFO:colcon.colcon_core.shell:Creating prefix script '/home/ubuntu/ros/Agro_ros/install/local_setup.ps1'
[27.753s] INFO:colcon.colcon_core.shell:Creating prefix util module '/home/ubuntu/ros/Agro_ros/install/_local_setup_util_ps1.py'
[27.754s] INFO:colcon.colcon_core.shell:Creating prefix chain script '/home/ubuntu/ros/Agro_ros/install/setup.ps1'
[27.755s] INFO:colcon.colcon_core.shell:Creating prefix script '/home/ubuntu/ros/Agro_ros/install/local_setup.sh'
[27.756s] INFO:colcon.colcon_core.shell:Creating prefix util module '/home/ubuntu/ros/Agro_ros/install/_local_setup_util_sh.py'
[27.757s] INFO:colcon.colcon_core.shell:Creating prefix chain script '/home/ubuntu/ros/Agro_ros/install/setup.sh'
[27.758s] INFO:colcon.colcon_core.shell:Creating prefix script '/home/ubuntu/ros/Agro_ros/install/local_setup.bash'
[27.759s] INFO:colcon.colcon_core.shell:Creating prefix chain script '/home/ubuntu/ros/Agro_ros/install/setup.bash'
[27.760s] INFO:colcon.colcon_core.shell:Creating prefix script '/home/ubuntu/ros/Agro_ros/install/local_setup.zsh'
[27.760s] INFO:colcon.colcon_core.shell:Creating prefix chain script '/home/ubuntu/ros/Agro_ros/install/setup.zsh'
