[0.555s] Invoking command in '/home/ubuntu/ros/Agro_ros/src/Agro_ros': PYTHONPATH=/home/ubuntu/ros/Agro_ros/build/Agro_ros/prefix_override:/usr/lib/python3/dist-packages/colcon_core/task/python/colcon_distutils_commands:/home/ubuntu/ros/Agro_ros/install/Agro_ros/lib/python3.10/site-packages:${PYTHONPATH} /usr/bin/python3 -W ignore:setup.py install is deprecated -W ignore:easy_install command is deprecated setup.py egg_info --egg-base ../../build/Agro_ros build --build-base /home/ubuntu/ros/Agro_ros/build/Agro_ros/build install --record /home/ubuntu/ros/Agro_ros/build/Agro_ros/install.log --install-scripts $base/lib/Agro_ros --single-version-externally-managed install_data
[0.786s] running egg_info
[0.786s] writing ../../build/Agro_ros/Agro_ros.egg-info/PKG-INFO
[0.786s] writing dependency_links to ../../build/Agro_ros/Agro_ros.egg-info/dependency_links.txt
[0.787s] writing entry points to ../../build/Agro_ros/Agro_ros.egg-info/entry_points.txt
[0.787s] writing requirements to ../../build/Agro_ros/Agro_ros.egg-info/requires.txt
[0.787s] writing top-level names to ../../build/Agro_ros/Agro_ros.egg-info/top_level.txt
[0.788s] reading manifest file '../../build/Agro_ros/Agro_ros.egg-info/SOURCES.txt'
[0.789s] writing manifest file '../../build/Agro_ros/Agro_ros.egg-info/SOURCES.txt'
[0.789s] running build
[0.789s] running build_py
[0.790s] running install
[0.790s] running install_lib
[0.791s] running install_data
[0.791s] copying urdf/robot.urdf -> /home/ubuntu/ros/Agro_ros/install/Agro_ros/share/Agro_ros/urdf
[0.791s] running install_egg_info
[0.793s] removing '/home/ubuntu/ros/Agro_ros/install/Agro_ros/lib/python3.10/site-packages/Agro_ros-0.0.0-py3.10.egg-info' (and everything under it)
[0.793s] Copying ../../build/Agro_ros/Agro_ros.egg-info to /home/ubuntu/ros/Agro_ros/install/Agro_ros/lib/python3.10/site-packages/Agro_ros-0.0.0-py3.10.egg-info
[0.794s] running install_scripts
[0.810s] writing list of installed files to '/home/ubuntu/ros/Agro_ros/build/Agro_ros/install.log'
[0.829s] Invoked command in '/home/ubuntu/ros/Agro_ros/src/Agro_ros' returned '0': PYTHONPATH=/home/ubuntu/ros/Agro_ros/build/Agro_ros/prefix_override:/usr/lib/python3/dist-packages/colcon_core/task/python/colcon_distutils_commands:/home/ubuntu/ros/Agro_ros/install/Agro_ros/lib/python3.10/site-packages:${PYTHONPATH} /usr/bin/python3 -W ignore:setup.py install is deprecated -W ignore:easy_install command is deprecated setup.py egg_info --egg-base ../../build/Agro_ros build --build-base /home/ubuntu/ros/Agro_ros/build/Agro_ros/build install --record /home/ubuntu/ros/Agro_ros/build/Agro_ros/install.log --install-scripts $base/lib/Agro_ros --single-version-externally-managed install_data
