[0.007s] Invoking command in '/home/ubuntu/ros/Agro_ros/build/rf2o_laser_odometry': CMAKE_PREFIX_PATH=${CMAKE_PREFIX_PATH}:/home/ubuntu/ros/Agro_ros/install/Agro_ros:/opt/ros/humble /usr/bin/cmake --build /home/ubuntu/ros/Agro_ros/build/rf2o_laser_odometry -- -j28 -l28
[0.051s] [ 40%] Built target rf2o_laser_odometry
[0.055s] [100%] Built target rf2o_laser_odometry_node
[0.061s] Invoked command in '/home/ubuntu/ros/Agro_ros/build/rf2o_laser_odometry' returned '0': CMAKE_PREFIX_PATH=${CMAKE_PREFIX_PATH}:/home/ubuntu/ros/Agro_ros/install/Agro_ros:/opt/ros/humble /usr/bin/cmake --build /home/ubuntu/ros/Agro_ros/build/rf2o_laser_odometry -- -j28 -l28
[0.066s] Invoking command in '/home/ubuntu/ros/Agro_ros/build/rf2o_laser_odometry': CMAKE_PREFIX_PATH=${CMAKE_PREFIX_PATH}:/home/ubuntu/ros/Agro_ros/install/Agro_ros:/opt/ros/humble /usr/bin/cmake --install /home/ubuntu/ros/Agro_ros/build/rf2o_laser_odometry
[0.072s] -- Install configuration: ""
[0.072s] -- Execute custom install script
[0.073s] -- Up-to-date symlink: /home/ubuntu/ros/Agro_ros/install/rf2o_laser_odometry/lib/rf2o_laser_odometry/rf2o_laser_odometry_node
[0.073s] -- Up-to-date symlink: /home/ubuntu/ros/Agro_ros/install/rf2o_laser_odometry/share/rf2o_laser_odometry/launch/rf2o_laser_odometry.launch.py
[0.073s] -- Up-to-date symlink: /home/ubuntu/ros/Agro_ros/install/rf2o_laser_odometry/share/ament_index/resource_index/package_run_dependencies/rf2o_laser_odometry
[0.073s] -- Up-to-date symlink: /home/ubuntu/ros/Agro_ros/install/rf2o_laser_odometry/share/ament_index/resource_index/parent_prefix_path/rf2o_laser_odometry
[0.073s] -- Up-to-date symlink: /home/ubuntu/ros/Agro_ros/install/rf2o_laser_odometry/share/rf2o_laser_odometry/environment/ament_prefix_path.sh
[0.073s] -- Up-to-date symlink: /home/ubuntu/ros/Agro_ros/install/rf2o_laser_odometry/share/rf2o_laser_odometry/environment/ament_prefix_path.dsv
[0.073s] -- Up-to-date symlink: /home/ubuntu/ros/Agro_ros/install/rf2o_laser_odometry/share/rf2o_laser_odometry/environment/path.sh
[0.073s] -- Up-to-date symlink: /home/ubuntu/ros/Agro_ros/install/rf2o_laser_odometry/share/rf2o_laser_odometry/environment/path.dsv
[0.073s] -- Up-to-date symlink: /home/ubuntu/ros/Agro_ros/install/rf2o_laser_odometry/share/rf2o_laser_odometry/local_setup.bash
[0.073s] -- Up-to-date symlink: /home/ubuntu/ros/Agro_ros/install/rf2o_laser_odometry/share/rf2o_laser_odometry/local_setup.sh
[0.073s] -- Up-to-date symlink: /home/ubuntu/ros/Agro_ros/install/rf2o_laser_odometry/share/rf2o_laser_odometry/local_setup.zsh
[0.073s] -- Up-to-date symlink: /home/ubuntu/ros/Agro_ros/install/rf2o_laser_odometry/share/rf2o_laser_odometry/local_setup.dsv
[0.073s] -- Symlinking: /home/ubuntu/ros/Agro_ros/install/rf2o_laser_odometry/share/rf2o_laser_odometry/package.dsv
[0.078s] -- Up-to-date symlink: /home/ubuntu/ros/Agro_ros/install/rf2o_laser_odometry/share/ament_index/resource_index/packages/rf2o_laser_odometry
[0.078s] -- Up-to-date symlink: /home/ubuntu/ros/Agro_ros/install/rf2o_laser_odometry/share/rf2o_laser_odometry/cmake/rf2o_laser_odometryConfig.cmake
[0.078s] -- Up-to-date symlink: /home/ubuntu/ros/Agro_ros/install/rf2o_laser_odometry/share/rf2o_laser_odometry/cmake/rf2o_laser_odometryConfig-version.cmake
[0.078s] -- Up-to-date symlink: /home/ubuntu/ros/Agro_ros/install/rf2o_laser_odometry/share/rf2o_laser_odometry/package.xml
[0.080s] Invoked command in '/home/ubuntu/ros/Agro_ros/build/rf2o_laser_odometry' returned '0': CMAKE_PREFIX_PATH=${CMAKE_PREFIX_PATH}:/home/ubuntu/ros/Agro_ros/install/Agro_ros:/opt/ros/humble /usr/bin/cmake --install /home/ubuntu/ros/Agro_ros/build/rf2o_laser_odometry
