[0.289s] Invoking command in '/home/ubuntu/ros/Agro_ros/build/rf2o_laser_odometry': CMAKE_PREFIX_PATH=/opt/ros/humble /usr/bin/cmake --build /home/ubuntu/ros/Agro_ros/build/rf2o_laser_odometry -- -j28 -l28
[0.330s] [35m[1mConsolidate compiler generated dependencies of target rf2o_laser_odometry[0m
[0.331s] [35m[1mConsolidate compiler generated dependencies of target rf2o_laser_odometry_node[0m
[0.355s] [ 40%] Built target rf2o_laser_odometry
[0.358s] [100%] Built target rf2o_laser_odometry_node
[0.371s] Invoked command in '/home/ubuntu/ros/Agro_ros/build/rf2o_laser_odometry' returned '0': CMAKE_PREFIX_PATH=/opt/ros/humble /usr/bin/cmake --build /home/ubuntu/ros/Agro_ros/build/rf2o_laser_odometry -- -j28 -l28
[0.384s] Invoking command in '/home/ubuntu/ros/Agro_ros/build/rf2o_laser_odometry': CMAKE_PREFIX_PATH=/opt/ros/humble /usr/bin/cmake --install /home/ubuntu/ros/Agro_ros/build/rf2o_laser_odometry
[0.391s] -- Install configuration: ""
[0.392s] -- Execute custom install script
[0.392s] -- Up-to-date symlink: /home/ubuntu/ros/Agro_ros/install/rf2o_laser_odometry/lib/rf2o_laser_odometry/rf2o_laser_odometry_node
[0.393s] -- Up-to-date symlink: /home/ubuntu/ros/Agro_ros/install/rf2o_laser_odometry/share/rf2o_laser_odometry/launch/rf2o_laser_odometry.launch.py
[0.393s] -- Up-to-date symlink: /home/ubuntu/ros/Agro_ros/install/rf2o_laser_odometry/share/ament_index/resource_index/package_run_dependencies/rf2o_laser_odometry
[0.393s] -- Up-to-date symlink: /home/ubuntu/ros/Agro_ros/install/rf2o_laser_odometry/share/ament_index/resource_index/parent_prefix_path/rf2o_laser_odometry
[0.394s] -- Up-to-date symlink: /home/ubuntu/ros/Agro_ros/install/rf2o_laser_odometry/share/rf2o_laser_odometry/environment/ament_prefix_path.sh
[0.394s] -- Up-to-date symlink: /home/ubuntu/ros/Agro_ros/install/rf2o_laser_odometry/share/rf2o_laser_odometry/environment/ament_prefix_path.dsv
[0.394s] -- Up-to-date symlink: /home/ubuntu/ros/Agro_ros/install/rf2o_laser_odometry/share/rf2o_laser_odometry/environment/path.sh
[0.394s] -- Up-to-date symlink: /home/ubuntu/ros/Agro_ros/install/rf2o_laser_odometry/share/rf2o_laser_odometry/environment/path.dsv
[0.394s] -- Up-to-date symlink: /home/ubuntu/ros/Agro_ros/install/rf2o_laser_odometry/share/rf2o_laser_odometry/local_setup.bash
[0.394s] -- Up-to-date symlink: /home/ubuntu/ros/Agro_ros/install/rf2o_laser_odometry/share/rf2o_laser_odometry/local_setup.sh
[0.394s] -- Up-to-date symlink: /home/ubuntu/ros/Agro_ros/install/rf2o_laser_odometry/share/rf2o_laser_odometry/local_setup.zsh
[0.394s] -- Up-to-date symlink: /home/ubuntu/ros/Agro_ros/install/rf2o_laser_odometry/share/rf2o_laser_odometry/local_setup.dsv
[0.394s] -- Symlinking: /home/ubuntu/ros/Agro_ros/install/rf2o_laser_odometry/share/rf2o_laser_odometry/package.dsv
[0.408s] -- Up-to-date symlink: /home/ubuntu/ros/Agro_ros/install/rf2o_laser_odometry/share/ament_index/resource_index/packages/rf2o_laser_odometry
[0.409s] -- Up-to-date symlink: /home/ubuntu/ros/Agro_ros/install/rf2o_laser_odometry/share/rf2o_laser_odometry/cmake/rf2o_laser_odometryConfig.cmake
[0.409s] -- Up-to-date symlink: /home/ubuntu/ros/Agro_ros/install/rf2o_laser_odometry/share/rf2o_laser_odometry/cmake/rf2o_laser_odometryConfig-version.cmake
[0.409s] -- Up-to-date symlink: /home/ubuntu/ros/Agro_ros/install/rf2o_laser_odometry/share/rf2o_laser_odometry/package.xml
[0.410s] Invoked command in '/home/ubuntu/ros/Agro_ros/build/rf2o_laser_odometry' returned '0': CMAKE_PREFIX_PATH=/opt/ros/humble /usr/bin/cmake --install /home/ubuntu/ros/Agro_ros/build/rf2o_laser_odometry
