running egg_info
writing ../../build/Agro_ros/Agro_ros.egg-info/PKG-INFO
writing dependency_links to ../../build/Agro_ros/Agro_ros.egg-info/dependency_links.txt
writing entry points to ../../build/Agro_ros/Agro_ros.egg-info/entry_points.txt
writing requirements to ../../build/Agro_ros/Agro_ros.egg-info/requires.txt
writing top-level names to ../../build/Agro_ros/Agro_ros.egg-info/top_level.txt
reading manifest file '../../build/Agro_ros/Agro_ros.egg-info/SOURCES.txt'
writing manifest file '../../build/Agro_ros/Agro_ros.egg-info/SOURCES.txt'
running build
running build_py
running install
running install_lib
running install_data
creating /home/ubuntu/ros/Agro_ros/install/Agro_ros/share/Agro_ros/launch
creating /home/ubuntu/ros/Agro_ros/install/Agro_ros/share/Agro_ros/urdf
copying urdf/robot.urdf -> /home/ubuntu/ros/Agro_ros/install/Agro_ros/share/Agro_ros/urdf
creating /home/ubuntu/ros/Agro_ros/install/Agro_ros/share/Agro_ros/meshes
copying meshes/agro_ros_water_level_sensor.stl -> /home/ubuntu/ros/Agro_ros/install/Agro_ros/share/Agro_ros/meshes
copying meshes/agro_ros_tracks.stl -> /home/ubuntu/ros/Agro_ros/install/Agro_ros/share/Agro_ros/meshes
copying meshes/agro_ros_body.stl -> /home/ubuntu/ros/Agro_ros/install/Agro_ros/share/Agro_ros/meshes
copying meshes/agro_ros_tracks_outer_cover.stl -> /home/ubuntu/ros/Agro_ros/install/Agro_ros/share/Agro_ros/meshes
copying meshes/agro_ros_water_pump.stl -> /home/ubuntu/ros/Agro_ros/install/Agro_ros/share/Agro_ros/meshes
running install_egg_info
removing '/home/ubuntu/ros/Agro_ros/install/Agro_ros/lib/python3.10/site-packages/Agro_ros-0.0.0-py3.10.egg-info' (and everything under it)
Copying ../../build/Agro_ros/Agro_ros.egg-info to /home/ubuntu/ros/Agro_ros/install/Agro_ros/lib/python3.10/site-packages/Agro_ros-0.0.0-py3.10.egg-info
running install_scripts
writing list of installed files to '/home/ubuntu/ros/Agro_ros/build/Agro_ros/install.log'
