running egg_info
creating ../../build/Agro_ros/Agro_ros.egg-info
writing ../../build/Agro_ros/Agro_ros.egg-info/PKG-INFO
writing dependency_links to ../../build/Agro_ros/Agro_ros.egg-info/dependency_links.txt
writing entry points to ../../build/Agro_ros/Agro_ros.egg-info/entry_points.txt
writing requirements to ../../build/Agro_ros/Agro_ros.egg-info/requires.txt
writing top-level names to ../../build/Agro_ros/Agro_ros.egg-info/top_level.txt
writing manifest file '../../build/Agro_ros/Agro_ros.egg-info/SOURCES.txt'
reading manifest file '../../build/Agro_ros/Agro_ros.egg-info/SOURCES.txt'
writing manifest file '../../build/Agro_ros/Agro_ros.egg-info/SOURCES.txt'
running build
running build_py
creating /home/ubuntu/ros/Agro_ros/build/Agro_ros/build
creating /home/ubuntu/ros/Agro_ros/build/Agro_ros/build/lib
creating /home/ubuntu/ros/Agro_ros/build/Agro_ros/build/lib/Agro_ros
copying Agro_ros/__init__.py -> /home/ubuntu/ros/Agro_ros/build/Agro_ros/build/lib/Agro_ros
running install
running install_lib
creating /home/ubuntu/ros/Agro_ros/install/Agro_ros/lib/python3.10/site-packages/Agro_ros
copying /home/ubuntu/ros/Agro_ros/build/Agro_ros/build/lib/Agro_ros/__init__.py -> /home/ubuntu/ros/Agro_ros/install/Agro_ros/lib/python3.10/site-packages/Agro_ros
byte-compiling /home/ubuntu/ros/Agro_ros/install/Agro_ros/lib/python3.10/site-packages/Agro_ros/__init__.py to __init__.cpython-310.pyc
running install_data
creating /home/ubuntu/ros/Agro_ros/install/Agro_ros/share/ament_index
creating /home/ubuntu/ros/Agro_ros/install/Agro_ros/share/ament_index/resource_index
creating /home/ubuntu/ros/Agro_ros/install/Agro_ros/share/ament_index/resource_index/packages
copying resource/Agro_ros -> /home/ubuntu/ros/Agro_ros/install/Agro_ros/share/ament_index/resource_index/packages
copying package.xml -> /home/ubuntu/ros/Agro_ros/install/Agro_ros/share/Agro_ros
running install_egg_info
Copying ../../build/Agro_ros/Agro_ros.egg-info to /home/ubuntu/ros/Agro_ros/install/Agro_ros/lib/python3.10/site-packages/Agro_ros-0.0.0-py3.10.egg-info
running install_scripts
writing list of installed files to '/home/ubuntu/ros/Agro_ros/build/Agro_ros/install.log'
