[0.639s] Invoking command in '/home/ubuntu/ros/Agro_ros/src/Agro_ros': PYTHONPATH=/home/ubuntu/ros/Agro_ros/build/Agro_ros/prefix_override:/usr/lib/python3/dist-packages/colcon_core/task/python/colcon_distutils_commands:/home/ubuntu/ros/Agro_ros/install/Agro_ros/lib/python3.10/site-packages:${PYTHONPATH} /usr/bin/python3 -W ignore:setup.py install is deprecated -W ignore:easy_install command is deprecated setup.py egg_info --egg-base ../../build/Agro_ros build --build-base /home/ubuntu/ros/Agro_ros/build/Agro_ros/build install --record /home/ubuntu/ros/Agro_ros/build/Agro_ros/install.log --install-scripts $base/lib/Agro_ros --single-version-externally-managed install_data
[0.814s] running egg_info
[0.814s] creating ../../build/Agro_ros/Agro_ros.egg-info
[0.814s] writing ../../build/Agro_ros/Agro_ros.egg-info/PKG-INFO
[0.814s] writing dependency_links to ../../build/Agro_ros/Agro_ros.egg-info/dependency_links.txt
[0.814s] writing entry points to ../../build/Agro_ros/Agro_ros.egg-info/entry_points.txt
[0.814s] writing requirements to ../../build/Agro_ros/Agro_ros.egg-info/requires.txt
[0.814s] writing top-level names to ../../build/Agro_ros/Agro_ros.egg-info/top_level.txt
[0.814s] writing manifest file '../../build/Agro_ros/Agro_ros.egg-info/SOURCES.txt'
[0.815s] reading manifest file '../../build/Agro_ros/Agro_ros.egg-info/SOURCES.txt'
[0.816s] writing manifest file '../../build/Agro_ros/Agro_ros.egg-info/SOURCES.txt'
[0.816s] running build
[0.816s] running build_py
[0.816s] creating /home/ubuntu/ros/Agro_ros/build/Agro_ros/build
[0.816s] creating /home/ubuntu/ros/Agro_ros/build/Agro_ros/build/lib
[0.816s] creating /home/ubuntu/ros/Agro_ros/build/Agro_ros/build/lib/Agro_ros
[0.816s] copying Agro_ros/__init__.py -> /home/ubuntu/ros/Agro_ros/build/Agro_ros/build/lib/Agro_ros
[0.816s] running install
[0.816s] running install_lib
[0.816s] creating /home/ubuntu/ros/Agro_ros/install/Agro_ros/lib/python3.10/site-packages/Agro_ros
[0.817s] copying /home/ubuntu/ros/Agro_ros/build/Agro_ros/build/lib/Agro_ros/__init__.py -> /home/ubuntu/ros/Agro_ros/install/Agro_ros/lib/python3.10/site-packages/Agro_ros
[0.817s] byte-compiling /home/ubuntu/ros/Agro_ros/install/Agro_ros/lib/python3.10/site-packages/Agro_ros/__init__.py to __init__.cpython-310.pyc
[0.817s] running install_data
[0.817s] creating /home/ubuntu/ros/Agro_ros/install/Agro_ros/share/ament_index
[0.817s] creating /home/ubuntu/ros/Agro_ros/install/Agro_ros/share/ament_index/resource_index
[0.817s] creating /home/ubuntu/ros/Agro_ros/install/Agro_ros/share/ament_index/resource_index/packages
[0.823s] copying resource/Agro_ros -> /home/ubuntu/ros/Agro_ros/install/Agro_ros/share/ament_index/resource_index/packages
[0.823s] copying package.xml -> /home/ubuntu/ros/Agro_ros/install/Agro_ros/share/Agro_ros
[0.823s] running install_egg_info
[0.826s] Copying ../../build/Agro_ros/Agro_ros.egg-info to /home/ubuntu/ros/Agro_ros/install/Agro_ros/lib/python3.10/site-packages/Agro_ros-0.0.0-py3.10.egg-info
[0.826s] running install_scripts
[0.840s] writing list of installed files to '/home/ubuntu/ros/Agro_ros/build/Agro_ros/install.log'
[0.853s] Invoked command in '/home/ubuntu/ros/Agro_ros/src/Agro_ros' returned '0': PYTHONPATH=/home/ubuntu/ros/Agro_ros/build/Agro_ros/prefix_override:/usr/lib/python3/dist-packages/colcon_core/task/python/colcon_distutils_commands:/home/ubuntu/ros/Agro_ros/install/Agro_ros/lib/python3.10/site-packages:${PYTHONPATH} /usr/bin/python3 -W ignore:setup.py install is deprecated -W ignore:easy_install command is deprecated setup.py egg_info --egg-base ../../build/Agro_ros build --build-base /home/ubuntu/ros/Agro_ros/build/Agro_ros/build install --record /home/ubuntu/ros/Agro_ros/build/Agro_ros/install.log --install-scripts $base/lib/Agro_ros --single-version-externally-managed install_data
