[0.462s] Invoking command in '/home/ubuntu/ros/Agro_ros/src/Agro_ros': PYTHONPATH=/home/ubuntu/ros/Agro_ros/build/Agro_ros/prefix_override:/usr/lib/python3/dist-packages/colcon_core/task/python/colcon_distutils_commands:/home/ubuntu/ros/Agro_ros/install/Agro_ros/lib/python3.10/site-packages:${PYTHONPATH} /usr/bin/python3 -W ignore:setup.py install is deprecated -W ignore:easy_install command is deprecated setup.py egg_info --egg-base ../../build/Agro_ros build --build-base /home/ubuntu/ros/Agro_ros/build/Agro_ros/build install --record /home/ubuntu/ros/Agro_ros/build/Agro_ros/install.log --install-scripts $base/lib/Agro_ros --single-version-externally-managed install_data
[0.633s] running egg_info
[0.633s] writing ../../build/Agro_ros/Agro_ros.egg-info/PKG-INFO
[0.633s] writing dependency_links to ../../build/Agro_ros/Agro_ros.egg-info/dependency_links.txt
[0.633s] writing entry points to ../../build/Agro_ros/Agro_ros.egg-info/entry_points.txt
[0.633s] writing requirements to ../../build/Agro_ros/Agro_ros.egg-info/requires.txt
[0.634s] writing top-level names to ../../build/Agro_ros/Agro_ros.egg-info/top_level.txt
[0.635s] reading manifest file '../../build/Agro_ros/Agro_ros.egg-info/SOURCES.txt'
[0.635s] writing manifest file '../../build/Agro_ros/Agro_ros.egg-info/SOURCES.txt'
[0.635s] running build
[0.635s] running build_py
[0.635s] running install
[0.635s] running install_lib
[0.636s] running install_data
[0.636s] running install_egg_info
[0.638s] removing '/home/ubuntu/ros/Agro_ros/install/Agro_ros/lib/python3.10/site-packages/Agro_ros-0.0.0-py3.10.egg-info' (and everything under it)
[0.638s] Copying ../../build/Agro_ros/Agro_ros.egg-info to /home/ubuntu/ros/Agro_ros/install/Agro_ros/lib/python3.10/site-packages/Agro_ros-0.0.0-py3.10.egg-info
[0.638s] running install_scripts
[0.652s] writing list of installed files to '/home/ubuntu/ros/Agro_ros/build/Agro_ros/install.log'
[0.673s] Invoked command in '/home/ubuntu/ros/Agro_ros/src/Agro_ros' returned '0': PYTHONPATH=/home/ubuntu/ros/Agro_ros/build/Agro_ros/prefix_override:/usr/lib/python3/dist-packages/colcon_core/task/python/colcon_distutils_commands:/home/ubuntu/ros/Agro_ros/install/Agro_ros/lib/python3.10/site-packages:${PYTHONPATH} /usr/bin/python3 -W ignore:setup.py install is deprecated -W ignore:easy_install command is deprecated setup.py egg_info --egg-base ../../build/Agro_ros build --build-base /home/ubuntu/ros/Agro_ros/build/Agro_ros/build install --record /home/ubuntu/ros/Agro_ros/build/Agro_ros/install.log --install-scripts $base/lib/Agro_ros --single-version-externally-managed install_data
